Info: Start Nativelink Simulation process

========= EDA Simulation Settings =====================

Sim Mode              :  Gate
Family                :  cycloneive
Quartus root          :  c:/intelfpga_lite/18.1/quartus/bin64/
Quartus sim root      :  c:/intelfpga_lite/18.1/quartus/eda/sim_lib
Simulation Tool       :  modelsim-altera
Simulation Language   :  verilog
Simulation Mode       :  GUI
Sim Output File       :  ex1.vo
Sim SDF file          :  ex1__verilog.sdo
Sim dir               :  simulation\modelsim

=======================================================

Info: Starting NativeLink simulation with ModelSim-Altera software
Sourced NativeLink script c:/intelfpga_lite/18.1/quartus/common/tcl/internal/nativelink/modelsim.tcl
Probing transcript
ModelSim-Altera Info: # Reading C:/intelFPGA_lite/18.1/modelsim_ase/tcl/vsim/pref.tcl
ModelSim-Altera Info: # do ex1_run_msim_gate_verilog.do
ModelSim-Altera Info: # if {[file exists gate_work]} {
ModelSim-Altera Info: # 	vdel -lib gate_work -all
ModelSim-Altera Info: # }
ModelSim-Altera Info: # vlib gate_work
ModelSim-Altera Info: # vmap work gate_work
ModelSim-Altera Info: # Model Technology ModelSim - Intel FPGA Edition vmap 10.5b Lib Mapping Utility 2016.10 Oct  5 2016
ModelSim-Altera Info: # vmap work gate_work 
ModelSim-Altera Info: # Copying C:/intelFPGA_lite/18.1/modelsim_ase/win32aloem/../modelsim.ini to modelsim.ini
ModelSim-Altera Info: # Modifying modelsim.ini
ModelSim-Altera Info: # 
ModelSim-Altera Info: # vlog -vlog01compat -work work +incdir+. {ex1.vo}
ModelSim-Altera Info: # Model Technology ModelSim - Intel FPGA Edition vlog 10.5b Compiler 2016.10 Oct  5 2016
ModelSim-Altera Info: # Start time: 23:21:05 on Nov 05,2020
ModelSim-Altera Info: # vlog -reportprogress 300 -vlog01compat -work work "+incdir+." ex1.vo 
ModelSim-Altera Info: # -- Compiling module halfAdder
ModelSim-Altera Info: # -- Compiling module hard_block
ModelSim-Altera Info: # 
ModelSim-Altera Info: # Top level modules:
ModelSim-Altera Info: # 	halfAdder
ModelSim-Altera Info: # End time: 23:21:05 on Nov 05,2020, Elapsed time: 0:00:00
ModelSim-Altera Info: # Errors: 0, Warnings: 0
ModelSim-Altera Info: # 
ModelSim-Altera Info: # vlog -vlog01compat -work work +incdir+C:/Users/artmu/Desktop/ex1 {C:/Users/artmu/Desktop/ex1/halfAdderTestbench.v}
ModelSim-Altera Info: # Model Technology ModelSim - Intel FPGA Edition vlog 10.5b Compiler 2016.10 Oct  5 2016
ModelSim-Altera Info: # Start time: 23:21:06 on Nov 05,2020
ModelSim-Altera Info: # vlog -reportprogress 300 -vlog01compat -work work "+incdir+C:/Users/artmu/Desktop/ex1" C:/Users/artmu/Desktop/ex1/halfAdderTestbench.v 
ModelSim-Altera Info: # -- Compiling module halfAdderTestbench
ModelSim-Altera Info: # 
ModelSim-Altera Info: # Top level modules:
ModelSim-Altera Info: # 	halfAdderTestbench
ModelSim-Altera Info: # End time: 23:21:06 on Nov 05,2020, Elapsed time: 0:00:00
ModelSim-Altera Info: # Errors: 0, Warnings: 0
ModelSim-Altera Info: # 
ModelSim-Altera Info: # vsim -t 1ps +transport_int_delays +transport_path_delays -L altera_ver -L cycloneive_ver -L gate_work -L work -voptargs="+acc"  halfAdder
ModelSim-Altera Info: # vsim -t 1ps "+transport_int_delays" "+transport_path_delays" -L altera_ver -L cycloneive_ver -L gate_work -L work -voptargs=""+acc"" halfAdder 
ModelSim-Altera Info: # Start time: 23:21:06 on Nov 05,2020
ModelSim-Altera Info: # Loading work.halfAdder
ModelSim-Altera Info: # Loading work.hard_block
ModelSim-Altera Info: # Loading cycloneive_ver.cycloneive_io_obuf
ModelSim-Altera Info: # Loading cycloneive_ver.cycloneive_io_ibuf
ModelSim-Altera Info: # Loading cycloneive_ver.cycloneive_lcell_comb
ModelSim-Altera Info: # SDF 10.5b Compiler 2016.10 Oct  5 2016
ModelSim-Altera Info: # 
ModelSim-Altera Info: # Loading instances from ex1_v.sdo
ModelSim-Altera Info: # Loading timing data from ex1_v.sdo
ModelSim-Altera Info: # ** Note: (vsim-3587) SDF Backannotation Successfully Completed.
ModelSim-Altera Info: #    Time: 0 ps  Iteration: 0  Instance: /halfAdder File: ex1.vo
ModelSim-Altera Info: # 
ModelSim-Altera Info: # do C:/Users/artmu/Desktop/ex1/Tcl_script1.tcl
ModelSim-Altera Info: # add wave sim:/halfAdderTestbench/*
ModelSim-Altera Error: # ** Error: (vish-4014) No objects found matching '/halfAdderTestbench/*'.
ModelSim-Altera Info: # Error in macro C:\Users\artmu\Desktop\ex1\Tcl_script1.tcl line 1
ModelSim-Altera Info: # (vish-4014) No objects found matching '/halfAdderTestbench/*'.
ModelSim-Altera Info: #     while executing
ModelSim-Altera Info: # "add wave sim:/halfAdderTestbench/*"
ModelSim-Altera Info: # Error opening C:/build/swbuild/SJ/nightly/18.1std/625/l64/work/modelsim/eda/sim_lib/cycloneive_atoms.v
ModelSim-Altera Info: # Path name 'C:/build/swbuild/SJ/nightly/18.1std/625/l64/work/modelsim/eda/sim_lib/cycloneive_atoms.v' doesn't exist.
ModelSim-Altera Info: # Error opening C:/build/swbuild/SJ/nightly/18.1std/625/l64/work/modelsim/eda/sim_lib/cycloneive_atoms.v
ModelSim-Altera Info: # Path name 'C:/build/swbuild/SJ/nightly/18.1std/625/l64/work/modelsim/eda/sim_lib/cycloneive_atoms.v' doesn't exist.
ModelSim-Altera Info: # Error opening C:/build/swbuild/SJ/nightly/18.1std/625/l64/work/modelsim/eda/sim_lib/cycloneive_atoms.v
ModelSim-Altera Info: # Path name 'C:/build/swbuild/SJ/nightly/18.1std/625/l64/work/modelsim/eda/sim_lib/cycloneive_atoms.v' doesn't exist.
ModelSim-Altera Info: # Error opening C:/build/swbuild/SJ/nightly/18.1std/625/l64/work/modelsim/eda/sim_lib/cycloneive_atoms.v
ModelSim-Altera Info: # Path name 'C:/build/swbuild/SJ/nightly/18.1std/625/l64/work/modelsim/eda/sim_lib/cycloneive_atoms.v' doesn't exist.
ModelSim-Altera Info: # Error opening C:/build/swbuild/SJ/nightly/18.1std/625/l64/work/modelsim/eda/sim_lib/cycloneive_atoms.v
ModelSim-Altera Info: # Path name 'C:/build/swbuild/SJ/nightly/18.1std/625/l64/work/modelsim/eda/sim_lib/cycloneive_atoms.v' doesn't exist.
ModelSim-Altera Info: step -over
ModelSim-Altera Info: # Load canceled
ModelSim-Altera Info: step -over -current
ModelSim-Altera Error: # ** Error: (vsim-12081) The specified scope, sim:/halfAdder, is not a process or thread.
ModelSim-Altera Info: # 
ModelSim-Altera Info: step -over -current
ModelSim-Altera Error: # ** Error: (vsim-12082) Thread or process sim:/halfAdder/auto_generated_inst/#ASSIGN#185 has no step-able lines.
ModelSim-Altera Info: # 
ModelSim-Altera Info: step -over -current
ModelSim-Altera Error: # ** Error: (vsim-12082) Thread or process sim:/halfAdder/auto_generated_inst/#ASSIGN#185 has no step-able lines.
ModelSim-Altera Info: # 
ModelSim-Altera Info: step -over -current
ModelSim-Altera Error: # ** Error: (vsim-12082) Thread or process sim:/halfAdder/auto_generated_inst/#ASSIGN#185 has no step-able lines.
ModelSim-Altera Info: # 
ModelSim-Altera Info: step -over -current
ModelSim-Altera Error: # ** Error: (vsim-12082) Thread or process sim:/halfAdder/auto_generated_inst/#ASSIGN#185 has no step-able lines.
ModelSim-Altera Info: # 
ModelSim-Altera Info: step -over -current
ModelSim-Altera Error: # ** Error: (vsim-12082) Thread or process sim:/halfAdder/auto_generated_inst/#ASSIGN#185 has no step-able lines.
ModelSim-Altera Info: # 
ModelSim-Altera Info: step -over -current
ModelSim-Altera Error: # ** Error: (vsim-12082) Thread or process sim:/halfAdder/auto_generated_inst/#ASSIGN#185 has no step-able lines.
ModelSim-Altera Info: # 
ModelSim-Altera Info: # End time: 23:23:39 on Nov 05,2020, Elapsed time: 0:02:33
ModelSim-Altera Info: # Errors: 16, Warnings: 0
Error: Errors encountered while running modelsim do file
Error: NativeLink simulation flow was NOT successful



================The following additional information is provided to help identify the cause of error while running nativelink scripts=================
Nativelink TCL script failed with errorCode:  1
Nativelink TCL script failed with errorInfo:  1
    (procedure "launch_sim" line 1)
    invoked from within
"launch_sim launch_args_hash"
    ("eval" body line 1)
    invoked from within
"eval launch_sim launch_args_hash"
    invoked from within
"if [ info exists ::errorCode ] {
                set savedCode $::errorCode
                set savedInfo $::errorInfo
                error $result $..."
    invoked from within
"if [catch {eval launch_sim launch_args_hash} result ] {
            set status 1
            if [ info exists ::errorCode ] {
                set save..."
    (procedure "run_sim" line 74)
    invoked from within
"run_sim run_sim_args_hash"
    invoked from within
"if [ info exists ::errorCode ] {
            set savedCode $::errorCode
            set savedInfo $::errorInfo
            error "$result" $savedInfo ..."
    (procedure "run_eda_simulation_tool" line 334)
    invoked from within
"run_eda_simulation_tool eda_opts_hash"
